nohup: ignoring input
======================================================================
CNN  target=pion  tag=seq
device=cpu  threads=8  seed=42
======================================================================
Train: 89,359 signal / 507,265 (17.6%)
Test:  22,347 signal / 126,817 (17.6%)
parameters: 41,601

  epoch   1 | train 0.1404 | val 0.1398 | purity 34.1% | efficiency 84.3%
  epoch   5 | train 0.1251 | val 0.1175 | purity 41.2% | efficiency 79.3%
  epoch  10 | train 0.1202 | val 0.1221 | purity 40.2% | efficiency 83.1%
  epoch  15 | train 0.1186 | val 0.1244 | purity 40.0% | efficiency 84.3%
  epoch  20 | train 0.1162 | val 0.1139 | purity 42.7% | efficiency 82.1%
  early stop at epoch 24
  best validation loss: 0.1065
  24 epochs in 2282s (95.1s per epoch)
Saved to /home/pemb7173/PDSP-pion-classification/predictions/predictions-mc/cnn_dEdX_seq_pion.pkl

======================================================================
cnn seq pion:  AUC 0.858   purity 43.9%   efficiency 75.2%   t=0.49
  /home/pemb7173/PDSP-pion-classification/predictions/predictions-mc/cnn_dEdX_seq_pion.pkl
  /home/pemb7173/PDSP-pion-classification/models/cnn_dEdX_seq_pion.pt
  /home/pemb7173/PDSP-pion-classification/plots/cnn-classifier/pion/history_seq.pkl
======================================================================
