nohup: ignoring input
======================================================================
HYBRID  target=photon  tag=all8
features (8): ['track_chi2/ndof_proton', 'track_length', 'track_score', 'dEdX_median', 'b', 'd', 'shower_energy', 'beam_angle']
device=cpu  threads=8  seed=42
======================================================================
Train: 77,950 signal / 507,265 (15.4%)
Test:  19,753 signal / 126,817 (15.6%)
parameters: 43,025

  epoch   1 | train 0.0965 | val 0.0924 | purity 45.9% | efficiency 93.7% | train 45.5% / 93.9%
  epoch   5 | train 0.0827 | val 0.0856 | purity 49.3% | efficiency 93.2%
  epoch  10 | train 0.0808 | val 0.0822 | purity 51.8% | efficiency 92.0%
  epoch  15 | train 0.0804 | val 0.0826 | purity 51.0% | efficiency 92.9%
  epoch  20 | train 0.0797 | val 0.0803 | purity 51.8% | efficiency 92.5%
  epoch  25 | train 0.0793 | val 0.0817 | purity 50.9% | efficiency 93.2%
  epoch  30 | train 0.0790 | val 0.0814 | purity 51.8% | efficiency 92.8%
  early stop at epoch 34
  best validation loss: 0.0765
  34 epochs in 3149s (92.6s per epoch)
Saved to /home/pemb7173/PDSP-pion-classification/predictions/predictions-mc/hybrid_cnn_mlp_all8_photon.pkl

======================================================================
hybrid all8 photon:  AUC 0.945   purity 60.8%   efficiency 83.9%   t=0.57
  /home/pemb7173/PDSP-pion-classification/predictions/predictions-mc/hybrid_cnn_mlp_all8_photon.pkl
  /home/pemb7173/PDSP-pion-classification/models/hybrid_cnn_mlp_all8_photon.pt
  /home/pemb7173/PDSP-pion-classification/plots/hybrid-classifier/photon/history_hybrid_all8_photon.pkl
======================================================================
