nohup: ignoring input
======================================================================
HYBRID  target=photon  tag=all8
features (8): ['track_chi2/ndof_proton', 'track_length', 'track_score', 'dEdX_median', 'b', 'd', 'shower_energy', 'beam_angle']
device=cpu  threads=8  seed=42
======================================================================
Train: 77,950 signal / 507,265 (15.4%)
Test:  19,753 signal / 126,817 (15.6%)
parameters: 43,025

  epoch   1 | train 0.0965 | val 0.0924 | purity 45.9% | efficiency 93.7% | train 45.5% / 93.9%
  epoch   5 | train 0.0828 | val 0.0875 | purity 49.1% | efficiency 93.2% | train 48.7% / 93.4%
  epoch  10 | train 0.0808 | val 0.0832 | purity 51.6% | efficiency 92.4% | train 51.1% / 92.6%
  epoch  15 | train 0.0804 | val 0.0821 | purity 51.7% | efficiency 92.6% | train 51.3% / 92.9%
  epoch  20 | train 0.0794 | val 0.0806 | purity 51.4% | efficiency 92.9% | train 51.1% / 93.2%
  epoch  25 | train 0.0792 | val 0.0795 | purity 51.6% | efficiency 92.8% | train 51.2% / 93.1%
  epoch  30 | train 0.0789 | val 0.0806 | purity 52.0% | efficiency 92.7% | train 51.7% / 93.1%
  early stop at epoch 34
  best validation loss: 0.0781
  34 epochs in 3690s (108.5s per epoch)
Saved to /home/pemb7173/PDSP-pion-classification/predictions/predictions-mc/hybrid_cnn_mlp_all8_photon.pkl

======================================================================
hybrid all8 photon:  AUC 0.945   purity 61.0%   efficiency 83.4%   t=0.58
  /home/pemb7173/PDSP-pion-classification/predictions/predictions-mc/hybrid_cnn_mlp_all8_photon.pkl
  /home/pemb7173/PDSP-pion-classification/models/hybrid_cnn_mlp_all8_photon.pt
  /home/pemb7173/PDSP-pion-classification/plots/hybrid-classifier/photon/history_hybrid_all8_photon.pkl
======================================================================
