nohup: ignoring input
======================================================================
HYBRID  target=pion  tag=all8
features (8): ['track_chi2/ndof_proton', 'track_length', 'track_score', 'dEdX_median', 'b', 'd', 'shower_energy', 'beam_angle']
device=cpu  threads=8  seed=42
======================================================================
Train: 89,359 signal / 507,265 (17.6%)
Test:  22,347 signal / 126,817 (17.6%)
parameters: 43,025

  epoch   1 | train 0.1188 | val 0.1147 | purity 44.6% | efficiency 88.9% | train 44.4% / 88.4%
  epoch   5 | train 0.1007 | val 0.1006 | purity 48.2% | efficiency 89.1% | train 48.0% / 89.1%
  epoch  10 | train 0.0974 | val 0.0886 | purity 52.4% | efficiency 86.7% | train 52.4% / 87.0%
  epoch  15 | train 0.0961 | val 0.0874 | purity 54.0% | efficiency 86.0% | train 53.9% / 86.1%
  epoch  20 | train 0.0954 | val 0.0921 | purity 51.0% | efficiency 88.9% | train 50.8% / 89.2%
  epoch  25 | train 0.0938 | val 0.0862 | purity 53.6% | efficiency 87.3% | train 53.6% / 87.6%
  epoch  30 | train 0.0933 | val 0.0950 | purity 49.6% | efficiency 90.2% | train 49.6% / 90.5%
  epoch  35 | train 0.0931 | val 0.0921 | purity 51.1% | efficiency 89.5% | train 51.3% / 90.1%
  epoch  40 | train 0.0923 | val 0.0920 | purity 51.2% | efficiency 89.6% | train 51.2% / 90.2%
  epoch  45 | train 0.0918 | val 0.0924 | purity 50.8% | efficiency 89.7% | train 50.8% / 90.3%
  epoch  50 | train 0.0919 | val 0.0932 | purity 50.1% | efficiency 89.5% | train 50.2% / 89.9%
  early stop at epoch 54
  best validation loss: 0.0859
  54 epochs in 6333s (117.3s per epoch)
Saved to /home/pemb7173/PDSP-pion-classification/predictions/predictions-mc/hybrid_cnn_mlp_all8_pion.pkl

======================================================================
hybrid all8 pion:  AUC 0.930   purity 63.7%   efficiency 76.9%   t=0.56
  /home/pemb7173/PDSP-pion-classification/predictions/predictions-mc/hybrid_cnn_mlp_all8_pion.pkl
  /home/pemb7173/PDSP-pion-classification/models/hybrid_cnn_mlp_all8_pion.pt
  /home/pemb7173/PDSP-pion-classification/plots/hybrid-classifier/pion/history_hybrid_all8_pion.pkl
======================================================================
