nohup: ignoring input
======================================================================
MLP  target=photon  tag=base4
features (4): ['track_chi2/ndof_proton', 'track_length', 'track_score', 'dEdX_median']
device=cpu  threads=8  seed=42
======================================================================
Train: 77,950 signal / 507,265 (15.4%)
Test:  19,753 signal / 126,817 (15.6%)
parameters: 801

  epoch   1 | train 0.1125 | val 0.1056 | purity 41.5% | efficiency 92.4% | train 41.2% / 92.7%
  epoch   5 | train 0.0979 | val 0.1029 | purity 41.4% | efficiency 93.0% | train 41.0% / 93.3%
  epoch  10 | train 0.0967 | val 0.1063 | purity 41.6% | efficiency 92.5% | train 41.3% / 92.8%
  epoch  15 | train 0.0964 | val 0.0997 | purity 41.5% | efficiency 92.9% | train 41.2% / 93.2%
  epoch  20 | train 0.0965 | val 0.1097 | purity 40.9% | efficiency 93.5% | train 40.6% / 93.9%
  epoch  25 | train 0.0966 | val 0.1121 | purity 41.2% | efficiency 93.2% | train 40.9% / 93.5%
  early stop at epoch 26
  best validation loss: 0.0965
  26 epochs in 350s (13.5s per epoch)
Saved to /home/pemb7173/PDSP-pion-classification/predictions/predictions-mc/mlp_summary_base4_photon.pkl

======================================================================
mlp base4 photon:  AUC 0.914   purity 46.9%   efficiency 85.0%   t=0.57
  /home/pemb7173/PDSP-pion-classification/predictions/predictions-mc/mlp_summary_base4_photon.pkl
  /home/pemb7173/PDSP-pion-classification/models/mlp_summary_base4_photon.pt
  /home/pemb7173/PDSP-pion-classification/plots/mlp-classifier/photon/history_base4.pkl
======================================================================
